<html>
<body>
<pre>
<h1>礦ision Build Log</h1>
<h2>Tool Versions:</h2>
IDE-Version: μVision V5.33.0.0
Copyright (C) 2020 ARM Ltd and ARM Germany GmbH. All rights reserved.
License Information: g gao, g, LIC=Q7GU5-GLBBZ-HR4XN-YQZP8-GD9AL-80KCT
 
Tool Versions:
Toolchain:       MDK-ARM Professional  Version: 5.33.0.0
Toolchain Path:  C:\Keil_v5\ARM\ARMCC\Bin
C Compiler:      Armcc.exe V5.06 update 7 (build 960)
Assembler:       Armasm.exe V5.06 update 7 (build 960)
Linker/Locator:  ArmLink.exe V5.06 update 7 (build 960)
Library Manager: ArmAr.exe V5.06 update 7 (build 960)
Hex Converter:   FromElf.exe V5.06 update 7 (build 960)
CPU DLL:         SARMCM3.DLL V5.33.0.0
Dialog DLL:      DCM.DLL V1.17.3.0
Target DLL:      Segger\JL2CM3.dll V2.99.38.0
Dialog DLL:      TCM.DLL V1.48.0.0
 
<h2>Project:</h2>
D:\zerozero\0_project\211_Falcon\1_modular\RC\SBUS\motorpwmV2.0\SUBS协议解析打印\USER\USART.uvprojx
Project File Date:  02/09/2022

<h2>Output:</h2>
*** Using Compiler 'V5.06 update 7 (build 960)', folder: 'C:\Keil_v5\ARM\ARMCC\Bin'
Build target 'USART'
compiling main.c...
main.c(42): warning:  #167-D: argument of type "uint8_t *" is incompatible with parameter of type "char *restrict"
  			sprintf(str,"%04d %04d %04d %04d %04d %04d %04d %04d %04d %04d %04d %04d \r\n",
main.c(45): warning:  #223-D: function "strlen" declared implicitly
  			Usart1_Send(strlen(str),(uint8_t *)str);
main.c(13): warning:  #177-D: variable "j"  was declared but never referenced
  	int i=0,j=0;
main.c(18): warning:  #177-D: variable "motorpwmval"  was declared but never referenced
  	u16 motorpwmval=899;
main.c(20): warning:  #177-D: variable "fireEable"  was declared but never referenced
  	uint8_t fireEable = 0 ;
main.c: 5 warnings, 0 errors
linking...
Program Size: Code=10142 RO-data=354 RW-data=68 ZI-data=2140  
FromELF: creating hex file...
"..\OBJ\USART.axf" - 0 Error(s), 5 Warning(s).

<h2>Software Packages used:</h2>

Package Vendor: Keil
                http://www.keil.com/pack/Keil.STM32F1xx_DFP.2.3.0.pack
                Keil.STM32F1xx_DFP.2.3.0
                STMicroelectronics STM32F1 Series Device Support, Drivers and Examples

<h2>Collection of Component include folders:</h2>
  C:\Users\gao\AppData\Local\Arm\Packs\Keil\STM32F1xx_DFP\2.3.0\Device\Include

<h2>Collection of Component Files used:</h2>
Build Time Elapsed:  00:00:00
</pre>
</body>
</html>
